#-----------------------------------------------------------
# Vivado v2019.1 (64-bit)
# SW Build 2552052 on Fri May 24 14:49:42 MDT 2019
# IP Build 2548770 on Fri May 24 18:01:18 MDT 2019
# Start of session at: Fri May 12 13:37:43 2023
# Process ID: 12112
# Current directory: C:/Users/sarah/Documents/1. UNIVERSITY/University/EEE4120F/ISD-PO/Software/VHDL/tutorial_BCD
# Command line: vivado.exe -gui_launcher_event rodinguilauncherevent14884 C:\Users\sarah\Documents\1. UNIVERSITY\University\EEE4120F\ISD-PO\Software\VHDL\tutorial_BCD\tutorial_BCD.xpr
# Log file: C:/Users/sarah/Documents/1. UNIVERSITY/University/EEE4120F/ISD-PO/Software/VHDL/tutorial_BCD/vivado.log
# Journal file: C:/Users/sarah/Documents/1. UNIVERSITY/University/EEE4120F/ISD-PO/Software/VHDL/tutorial_BCD\vivado.jou
#-----------------------------------------------------------
start_gui
open_project {C:/Users/sarah/Documents/1. UNIVERSITY/University/EEE4120F/ISD-PO/Software/VHDL/tutorial_BCD/tutorial_BCD.xpr}
update_compile_order -fileset sources_1
add_files {{C:/Users/sarah/Documents/1. UNIVERSITY/University/EEE4120F/ISD-PO/Software/VHDL/tutorial_BCD/tutorial_BCD.runs/impl_1/WallClock_placed.dcp} {C:/Users/sarah/Documents/1. UNIVERSITY/University/EEE4120F/ISD-PO/Software/VHDL/tutorial_BCD/tutorial_BCD.runs/synth_1/WallClock.dcp} {C:/Users/sarah/Documents/1. UNIVERSITY/University/EEE4120F/ISD-PO/Software/VHDL/tutorial_BCD/tutorial_BCD.runs/impl_1/WallClock_opt.dcp} {C:/Users/sarah/Documents/1. UNIVERSITY/University/EEE4120F/ISD-PO/Software/VHDL/tutorial_BCD/tutorial_BCD.sim/sim_1/behav/xsim/glbl.v} {C:/Users/sarah/Documents/1. UNIVERSITY/University/EEE4120F/ISD-PO/Software/VHDL/tutorial_BCD/tutorial_BCD.runs/impl_1/WallClock_routed.dcp}}
update_compile_order -fileset sources_1
update_compile_order -fileset sources_1
close_project
open_project {C:/Users/sarah/Documents/1. UNIVERSITY/University/EEE4120F/ISD-PO/Software/VHDL/tutorial_BCD/tutorial_BCD.xpr}
update_compile_order -fileset sources_1
update_files -from_files {{C:/Users/sarah/Documents/1. UNIVERSITY/University/EEE4120F/ISD-PO/Software/VHDL/tutorial_BCD/Nexys-A7-100T-Master.xdc}} -to_files {{C:/Users/sarah/Documents/1. UNIVERSITY/University/EEE4120F/ISD-PO/Software/Nexys-A7-100T-Master.xdc}} -filesets [get_filesets *]
update_files -from_files {{C:/Users/sarah/Documents/1. UNIVERSITY/University/EEE4120F/ISD-PO/Software/VHDL/tutorial_BCD/BCD_Decoder.v}} -to_files C:/Users/heath/Downloads/BCD_Decoder.v -filesets [get_filesets *]
update_files -from_files {{C:/Users/sarah/Documents/1. UNIVERSITY/University/EEE4120F/ISD-PO/Software/VHDL/tutorial_BCD/Clock.v}} -to_files C:/Users/heath/Downloads/Clock.v -filesets [get_filesets *]
update_compile_order -fileset sources_1
update_files -from_files {{C:/Users/sarah/Documents/1. UNIVERSITY/University/EEE4120F/ISD-PO/Software/VHDL/tutorial_BCD/SS_Driver.v}} -to_files C:/Users/heath/Downloads/SS_Driver.v -filesets [get_filesets *]
update_compile_order -fileset sources_1
reset_run synth_1
launch_runs synth_1 -jobs 4
wait_on_run synth_1
reset_run synth_1
launch_runs synth_1 -jobs 4
wait_on_run synth_1
update_files -from_files {{C:/Users/sarah/Documents/1. UNIVERSITY/University/EEE4120F/ISD-PO/Software/VHDL/tutorial_BCD/tutorial_BCD.srcs/sources_1/new/Clock.v}} -to_files {{C:/Users/sarah/Documents/1. UNIVERSITY/University/EEE4120F/ISD-PO/Software/VHDL/tutorial_BCD/Clock.v}} -filesets [get_filesets *]
reset_run synth_1
launch_runs synth_1 -jobs 4
wait_on_run synth_1
update_files -from_files {{C:/Users/sarah/Documents/1. UNIVERSITY/University/EEE4120F/ISD-PO/Software/VHDL/tutorial_BCD/tutorial_BCD.srcs/sources_1/new/BCD_Decoder.v}} -to_files {{C:/Users/sarah/Documents/1. UNIVERSITY/University/EEE4120F/ISD-PO/Software/VHDL/tutorial_BCD/BCD_Decoder.v}} -filesets [get_filesets *]
update_files -from_files {{C:/Users/sarah/Documents/1. UNIVERSITY/University/EEE4120F/ISD-PO/Software/VHDL/tutorial_BCD/tutorial_BCD.srcs/sources_1/new/SS_Driver.v}} -to_files {{C:/Users/sarah/Documents/1. UNIVERSITY/University/EEE4120F/ISD-PO/Software/VHDL/tutorial_BCD/SS_Driver.v}} -filesets [get_filesets *]
update_compile_order -fileset sources_1
reset_run synth_1
launch_runs synth_1 -jobs 4
wait_on_run synth_1
launch_runs impl_1 -jobs 4
wait_on_run impl_1
launch_runs impl_1 -to_step write_bitstream -jobs 4
wait_on_run impl_1
open_run impl_1
reset_run impl_1
launch_runs impl_1 -jobs 4
wait_on_run impl_1
launch_runs impl_1 -to_step write_bitstream -jobs 4
wait_on_run impl_1
open_hw
connect_hw_server -url localhost:3121
current_hw_target [get_hw_targets */xilinx_tcf/Digilent/210292AD369BA]
set_property PARAM.FREQUENCY 15000000 [get_hw_targets */xilinx_tcf/Digilent/210292AD369BA]
open_hw_target
set_property PROGRAM.FILE {C:/Users/sarah/Documents/1. UNIVERSITY/University/EEE4120F/ISD-PO/Software/VHDL/tutorial_BCD/tutorial_BCD.runs/impl_1/WallClock.bit} [get_hw_devices xc7a100t_0]
current_hw_device [get_hw_devices xc7a100t_0]
refresh_hw_device -update_hw_probes false [lindex [get_hw_devices xc7a100t_0] 0]
disconnect_hw_server localhost:3121
connect_hw_server
open_hw_target
set_property PROGRAM.FILE {C:/Users/sarah/Documents/1. UNIVERSITY/University/EEE4120F/ISD-PO/Software/VHDL/tutorial_BCD/tutorial_BCD.runs/impl_1/WallClock.bit} [get_hw_devices xc7a100t_0]
current_hw_device [get_hw_devices xc7a100t_0]
refresh_hw_device -update_hw_probes false [lindex [get_hw_devices xc7a100t_0] 0]
set_property PROBES.FILE {} [get_hw_devices xc7a100t_0]
set_property FULL_PROBES.FILE {} [get_hw_devices xc7a100t_0]
set_property PROGRAM.FILE {C:/Users/sarah/Documents/1. UNIVERSITY/University/EEE4120F/ISD-PO/Software/VHDL/tutorial_BCD/tutorial_BCD.runs/impl_1/WallClock.bit} [get_hw_devices xc7a100t_0]
program_hw_devices [get_hw_devices xc7a100t_0]
refresh_hw_device [lindex [get_hw_devices xc7a100t_0] 0]
reset_run synth_1
launch_runs synth_1 -jobs 4
wait_on_run synth_1
launch_runs impl_1 -jobs 4
wait_on_run impl_1
launch_runs impl_1 -to_step write_bitstream -jobs 4
wait_on_run impl_1
set_property PROBES.FILE {} [get_hw_devices xc7a100t_0]
set_property FULL_PROBES.FILE {} [get_hw_devices xc7a100t_0]
set_property PROGRAM.FILE {C:/Users/sarah/Documents/1. UNIVERSITY/University/EEE4120F/ISD-PO/Software/VHDL/tutorial_BCD/tutorial_BCD.runs/impl_1/WallClock.bit} [get_hw_devices xc7a100t_0]
program_hw_devices [get_hw_devices xc7a100t_0]
refresh_hw_device [lindex [get_hw_devices xc7a100t_0] 0]
reset_run synth_1
launch_runs synth_1 -jobs 4
wait_on_run synth_1
launch_runs impl_1 -jobs 4
wait_on_run impl_1
launch_runs impl_1 -to_step write_bitstream -jobs 4
wait_on_run impl_1
set_property PROBES.FILE {} [get_hw_devices xc7a100t_0]
set_property FULL_PROBES.FILE {} [get_hw_devices xc7a100t_0]
set_property PROGRAM.FILE {C:/Users/sarah/Documents/1. UNIVERSITY/University/EEE4120F/ISD-PO/Software/VHDL/tutorial_BCD/tutorial_BCD.runs/impl_1/WallClock.bit} [get_hw_devices xc7a100t_0]
program_hw_devices [get_hw_devices xc7a100t_0]
refresh_hw_device [lindex [get_hw_devices xc7a100t_0] 0]
reset_run synth_1
launch_runs synth_1 -jobs 4
wait_on_run synth_1
launch_runs impl_1 -jobs 4
wait_on_run impl_1
launch_runs impl_1 -to_step write_bitstream -jobs 4
wait_on_run impl_1
reset_run impl_1 -prev_step 
launch_runs impl_1 -to_step write_bitstream -jobs 4
wait_on_run impl_1
reset_run synth_1
launch_runs synth_1 -jobs 4
wait_on_run synth_1
launch_runs impl_1 -jobs 4
wait_on_run impl_1
launch_runs impl_1 -to_step write_bitstream -jobs 4
wait_on_run impl_1
reset_run synth_1
launch_runs synth_1 -jobs 4
wait_on_run synth_1
launch_runs impl_1 -jobs 4
wait_on_run impl_1
launch_runs impl_1 -to_step write_bitstream -jobs 4
wait_on_run impl_1
set_property PROBES.FILE {} [get_hw_devices xc7a100t_0]
set_property FULL_PROBES.FILE {} [get_hw_devices xc7a100t_0]
set_property PROGRAM.FILE {C:/Users/sarah/Documents/1. UNIVERSITY/University/EEE4120F/ISD-PO/Software/VHDL/tutorial_BCD/tutorial_BCD.runs/impl_1/WallClock.bit} [get_hw_devices xc7a100t_0]
program_hw_devices [get_hw_devices xc7a100t_0]
refresh_hw_device [lindex [get_hw_devices xc7a100t_0] 0]
set_property PROBES.FILE {} [get_hw_devices xc7a100t_0]
set_property FULL_PROBES.FILE {} [get_hw_devices xc7a100t_0]
set_property PROGRAM.FILE {C:/Users/sarah/Documents/1. UNIVERSITY/University/EEE4120F/ISD-PO/Software/VHDL/tutorial_BCD/tutorial_BCD.runs/impl_1/WallClock.bit} [get_hw_devices xc7a100t_0]
program_hw_devices [get_hw_devices xc7a100t_0]
refresh_hw_device [lindex [get_hw_devices xc7a100t_0] 0]
refresh_design
set_property PROBES.FILE {} [get_hw_devices xc7a100t_0]
set_property FULL_PROBES.FILE {} [get_hw_devices xc7a100t_0]
set_property PROGRAM.FILE {C:/Users/sarah/Documents/1. UNIVERSITY/University/EEE4120F/ISD-PO/Software/VHDL/tutorial_BCD/tutorial_BCD.runs/impl_1/WallClock.bit} [get_hw_devices xc7a100t_0]
program_hw_devices [get_hw_devices xc7a100t_0]
refresh_hw_device [lindex [get_hw_devices xc7a100t_0] 0]
reset_run synth_1
launch_runs synth_1 -jobs 4
wait_on_run synth_1
launch_runs impl_1 -jobs 4
wait_on_run impl_1
launch_runs impl_1 -to_step write_bitstream -jobs 4
wait_on_run impl_1
set_property PROBES.FILE {} [get_hw_devices xc7a100t_0]
set_property FULL_PROBES.FILE {} [get_hw_devices xc7a100t_0]
set_property PROGRAM.FILE {C:/Users/sarah/Documents/1. UNIVERSITY/University/EEE4120F/ISD-PO/Software/VHDL/tutorial_BCD/tutorial_BCD.runs/impl_1/WallClock.bit} [get_hw_devices xc7a100t_0]
program_hw_devices [get_hw_devices xc7a100t_0]
refresh_hw_device [lindex [get_hw_devices xc7a100t_0] 0]
reset_run synth_1
launch_runs synth_1 -jobs 4
wait_on_run synth_1
launch_runs impl_1 -jobs 4
wait_on_run impl_1
launch_runs impl_1 -to_step write_bitstream -jobs 4
wait_on_run impl_1
set_property PROBES.FILE {} [get_hw_devices xc7a100t_0]
set_property FULL_PROBES.FILE {} [get_hw_devices xc7a100t_0]
set_property PROGRAM.FILE {C:/Users/sarah/Documents/1. UNIVERSITY/University/EEE4120F/ISD-PO/Software/VHDL/tutorial_BCD/tutorial_BCD.runs/impl_1/WallClock.bit} [get_hw_devices xc7a100t_0]
program_hw_devices [get_hw_devices xc7a100t_0]
refresh_hw_device [lindex [get_hw_devices xc7a100t_0] 0]
reset_run synth_1
launch_runs synth_1 -jobs 4
wait_on_run synth_1
launch_runs impl_1 -jobs 4
wait_on_run impl_1
launch_runs impl_1 -to_step write_bitstream -jobs 4
wait_on_run impl_1
set_property PROBES.FILE {} [get_hw_devices xc7a100t_0]
set_property FULL_PROBES.FILE {} [get_hw_devices xc7a100t_0]
set_property PROGRAM.FILE {C:/Users/sarah/Documents/1. UNIVERSITY/University/EEE4120F/ISD-PO/Software/VHDL/tutorial_BCD/tutorial_BCD.runs/impl_1/WallClock.bit} [get_hw_devices xc7a100t_0]
program_hw_devices [get_hw_devices xc7a100t_0]
refresh_hw_device [lindex [get_hw_devices xc7a100t_0] 0]
